// Jest Snapshot v1, https://goo.gl/fbAQLP

exports[`<Information /> should render a information 1`] = `
<div
  class="Informationstyle__StyledInformation-sc-1p8zm62-0 dDYeav"
>
  <span>
    Welcome to Nalu Bank, an app by Cloud Nalu
  </span>
</div>
`;
